%Block
8
returnFalse
obhajoba
%Inputs
%End_Inputs
%Outputs
outFalse
bool
0
1
%End_Outputs
0
%Code
*outFalse = false;
%End_code
%End_block
%Block
9
returnFalse
obhajoba
%Inputs
%End_Inputs
%Outputs
outFalse
bool
0
1
%End_Outputs
0
%Code
*outFalse = false;
%End_code
%End_block
%Block
10
returnTrue
obhajoba
%Inputs
%End_Inputs
%Outputs
outTrue
bool
0
1
%End_Outputs
0
%Code
*outTrue = true;
%End_code
%End_block
%Block
11
And
obhajoba
%Inputs
a
bool
1
0
b
bool
1
0
c
bool
1
0
%End_Inputs
%Outputs
d
bool
0
1
%End_Outputs
0
%Code
*d = a && b && c;
%End_code
%End_block
%Block
13
returnStringAhoj
obhajoba
%Inputs
%End_Inputs
%Outputs
ahoj
string
0
1
%End_Outputs
0
%Code
*ahoj = "Ahoj\n";
%End_code
%End_block
%Block
14
returnStringSvete
obhajoba
%Inputs
%End_Inputs
%Outputs
svet
string
0
1
%End_Outputs
0
%Code
*svet = "svete\n";
%End_code
%End_block
%Block
15
chooseBy
obhajoba
%Inputs
boolean
bool
1
0
in1
string
1
0
in0
string
1
0
%End_Inputs
%Outputs
out
string
0
1
%End_Outputs
0
%Code
if(boolean){  *out = in0;}else{  *out = in1;}
%End_code
%End_block
%Block
16
printString
obhajoba
%Inputs
input
string
1
0
%End_Inputs
%Outputs
%End_Outputs
0
%Code
std::cout << input;
%End_code
%End_block
%Connections
10,11,outTrue,a
9,11,outFalse,b
8,11,outFalse,c
11,15,d,boolean
13,15,ahoj,in1
14,15,svet,in0
15,16,out,input
